node_modules/react-hook-form/dist/form.d.ts(1,8): error TS1259: Module '"C:/Users/MANASSE MBEMBA/Documents/Nguma BotesGroup/Nguma BotesGroup/node_modules/@types/react/index"' can only be default-imported using the 'esModuleInterop' flag
node_modules/react-hook-form/dist/types/controller.d.ts(1,13): error TS1259: Module '"C:/Users/MANASSE MBEMBA/Documents/Nguma BotesGroup/Nguma BotesGroup/node_modules/@types/react/index"' can only be default-imported using the 'esModuleInterop' flag
node_modules/react-hook-form/dist/types/form.d.ts(1,13): error TS1259: Module '"C:/Users/MANASSE MBEMBA/Documents/Nguma BotesGroup/Nguma BotesGroup/node_modules/@types/react/index"' can only be default-imported using the 'esModuleInterop' flag
node_modules/react-hook-form/dist/useFormContext.d.ts(1,8): error TS1259: Module '"C:/Users/MANASSE MBEMBA/Documents/Nguma BotesGroup/Nguma BotesGroup/node_modules/@types/react/index"' can only be default-imported using the 'esModuleInterop' flag
src/integrations/supabase/client.ts(5,22): error TS1343: The 'import.meta' meta-property is only allowed when the '--module' option is 'es2020', 'es2022', 'esnext', 'system', 'node16', 'node18', or 'nodenext'.
src/integrations/supabase/client.ts(5,34): error TS2339: Property 'env' does not exist on type 'ImportMeta'.
src/integrations/supabase/client.ts(6,34): error TS1343: The 'import.meta' meta-property is only allowed when the '--module' option is 'es2020', 'es2022', 'esnext', 'system', 'node16', 'node18', or 'nodenext'.
src/integrations/supabase/client.ts(6,46): error TS2339: Property 'env' does not exist on type 'ImportMeta'.
src/pages/Auth.tsx(3,26): error TS2307: Cannot find module '@/integrations/supabase/client' or its corresponding type declarations.
src/pages/Auth.tsx(4,24): error TS2307: Cannot find module '@/components/ui/button' or its corresponding type declarations.
src/pages/Auth.tsx(5,23): error TS2307: Cannot find module '@/components/ui/input' or its corresponding type declarations.
src/pages/Auth.tsx(6,23): error TS2307: Cannot find module '@/components/ui/label' or its corresponding type declarations.
src/pages/Auth.tsx(7,75): error TS2307: Cannot find module '@/components/ui/card' or its corresponding type declarations.
src/pages/Auth.tsx(8,58): error TS2307: Cannot find module '@/components/ui/tabs' or its corresponding type declarations.
src/pages/Auth.tsx(9,26): error TS2307: Cannot find module '@/components/ui/use-toast' or its corresponding type declarations.
src/pages/Auth.tsx(11,54): error TS2307: Cannot find module '@/services/rateLimitService' or its corresponding type declarations.
src/pages/Auth.tsx(12,33): error TS2307: Cannot find module '@/services/auditService' or its corresponding type declarations.
src/pages/Auth.tsx(15,80): error TS2307: Cannot find module '@/components/ui/form' or its corresponding type declarations.
src/pages/Auth.tsx(37,26): error TS2307: Cannot find module '@/components/ui/checkbox' or its corresponding type declarations.
src/pages/Auth.tsx(430,5): error TS17004: Cannot use JSX unless the '--jsx' flag is provided.
src/pages/Auth.tsx(431,7): error TS17004: Cannot use JSX unless the '--jsx' flag is provided.
src/pages/Auth.tsx(432,9): error TS17004: Cannot use JSX unless the '--jsx' flag is provided.
src/pages/Auth.tsx(433,11): error TS17004: Cannot use JSX unless the '--jsx' flag is provided.
src/pages/Auth.tsx(434,11): error TS17004: Cannot use JSX unless the '--jsx' flag is provided.
src/pages/Auth.tsx(435,11): error TS17004: Cannot use JSX unless the '--jsx' flag is provided.
src/pages/Auth.tsx(438,9): error TS17004: Cannot use JSX unless the '--jsx' flag is provided.
src/pages/Auth.tsx(439,11): error TS17004: Cannot use JSX unless the '--jsx' flag is provided.
src/pages/Auth.tsx(440,13): error TS17004: Cannot use JSX unless the '--jsx' flag is provided.
src/pages/Auth.tsx(441,13): error TS17004: Cannot use JSX unless the '--jsx' flag is provided.
src/pages/Auth.tsx(443,11): error TS17004: Cannot use JSX unless the '--jsx' flag is provided.
src/pages/Auth.tsx(444,13): error TS17004: Cannot use JSX unless the '--jsx' flag is provided.
src/pages/Auth.tsx(445,15): error TS17004: Cannot use JSX unless the '--jsx' flag is provided.
src/pages/Auth.tsx(446,17): error TS17004: Cannot use JSX unless the '--jsx' flag is provided.
src/pages/Auth.tsx(447,17): error TS17004: Cannot use JSX unless the '--jsx' flag is provided.
src/pages/Auth.tsx(450,15): error TS17004: Cannot use JSX unless the '--jsx' flag is provided.
src/pages/Auth.tsx(451,17): error TS17004: Cannot use JSX unless the '--jsx' flag is provided.
src/pages/Auth.tsx(452,19): error TS17004: Cannot use JSX unless the '--jsx' flag is provided.
src/pages/Auth.tsx(457,15): error TS17004: Cannot use JSX unless the '--jsx' flag is provided.
src/pages/Auth.tsx(458,17): error TS17004: Cannot use JSX unless the '--jsx' flag is provided.
src/pages/Auth.tsx(458,69): error TS17004: Cannot use JSX unless the '--jsx' flag is provided.
src/pages/Auth.tsx(459,17): error TS17004: Cannot use JSX unless the '--jsx' flag is provided.
src/pages/Auth.tsx(460,19): error TS17004: Cannot use JSX unless the '--jsx' flag is provided.
src/pages/Auth.tsx(464,15): error TS17004: Cannot use JSX unless the '--jsx' flag is provided.
src/pages/Auth.tsx(466,19): error TS17004: Cannot use JSX unless the '--jsx' flag is provided.
src/pages/Auth.tsx(467,21): error TS17004: Cannot use JSX unless the '--jsx' flag is provided.
src/pages/Auth.tsx(468,23): error TS17004: Cannot use JSX unless the '--jsx' flag is provided.
src/pages/Auth.tsx(469,23): error TS17004: Cannot use JSX unless the '--jsx' flag is provided.
src/pages/Auth.tsx(479,23): error TS17004: Cannot use JSX unless the '--jsx' flag is provided.
src/pages/Auth.tsx(484,21): error TS17004: Cannot use JSX unless the '--jsx' flag is provided.
src/pages/Auth.tsx(485,23): error TS17004: Cannot use JSX unless the '--jsx' flag is provided.
src/pages/Auth.tsx(486,23): error TS17004: Cannot use JSX unless the '--jsx' flag is provided.
src/pages/Auth.tsx(487,25): error TS17004: Cannot use JSX unless the '--jsx' flag is provided.
src/pages/Auth.tsx(495,25): error TS17004: Cannot use JSX unless the '--jsx' flag is provided.
src/pages/Auth.tsx(502,46): error TS17004: Cannot use JSX unless the '--jsx' flag is provided.
src/pages/Auth.tsx(502,79): error TS17004: Cannot use JSX unless the '--jsx' flag is provided.
src/pages/Auth.tsx(507,21): error TS17004: Cannot use JSX unless the '--jsx' flag is provided.
src/pages/Auth.tsx(508,23): error TS17004: Cannot use JSX unless the '--jsx' flag is provided.
src/pages/Auth.tsx(509,23): error TS17004: Cannot use JSX unless the '--jsx' flag is provided.
src/pages/Auth.tsx(519,21): error TS17004: Cannot use JSX unless the '--jsx' flag is provided.
src/pages/Auth.tsx(523,21): error TS17004: Cannot use JSX unless the '--jsx' flag is provided.
src/pages/Auth.tsx(528,19): error TS17004: Cannot use JSX unless the '--jsx' flag is provided.
src/pages/Auth.tsx(529,21): error TS17004: Cannot use JSX unless the '--jsx' flag is provided.
src/pages/Auth.tsx(530,23): error TS17004: Cannot use JSX unless the '--jsx' flag is provided.
src/pages/Auth.tsx(533,23): error TS17004: Cannot use JSX unless the '--jsx' flag is provided.
src/pages/Auth.tsx(542,23): error TS17004: Cannot use JSX unless the '--jsx' flag is provided.
src/pages/Auth.tsx(549,21): error TS17004: Cannot use JSX unless the '--jsx' flag is provided.
src/pages/Auth.tsx(556,21): error TS17004: Cannot use JSX unless the '--jsx' flag is provided.
src/pages/Auth.tsx(567,21): error TS17004: Cannot use JSX unless the '--jsx' flag is provided.
src/pages/Auth.tsx(572,19): error TS17004: Cannot use JSX unless the '--jsx' flag is provided.
src/pages/Auth.tsx(573,21): error TS17004: Cannot use JSX unless the '--jsx' flag is provided.
src/pages/Auth.tsx(574,23): error TS17004: Cannot use JSX unless the '--jsx' flag is provided.
src/pages/Auth.tsx(575,25): error TS17004: Cannot use JSX unless the '--jsx' flag is provided.
src/pages/Auth.tsx(575,35): error TS17004: Cannot use JSX unless the '--jsx' flag is provided.
src/pages/Auth.tsx(575,63): error TS17004: Cannot use JSX unless the '--jsx' flag is provided.
src/pages/Auth.tsx(575,76): error TS17004: Cannot use JSX unless the '--jsx' flag is provided.
src/pages/Auth.tsx(575,141): error TS17004: Cannot use JSX unless the '--jsx' flag is provided.
src/pages/Auth.tsx(577,23): error TS17004: Cannot use JSX unless the '--jsx' flag is provided.
src/pages/Auth.tsx(578,25): error TS17004: Cannot use JSX unless the '--jsx' flag is provided.
src/pages/Auth.tsx(579,27): error TS17004: Cannot use JSX unless the '--jsx' flag is provided.
src/pages/Auth.tsx(580,27): error TS17004: Cannot use JSX unless the '--jsx' flag is provided.
src/pages/Auth.tsx(581,29): error TS17004: Cannot use JSX unless the '--jsx' flag is provided.
src/pages/Auth.tsx(582,31): error TS17004: Cannot use JSX unless the '--jsx' flag is provided.
src/pages/Auth.tsx(584,29): error TS17004: Cannot use JSX unless the '--jsx' flag is provided.
src/pages/Auth.tsx(585,47): error TS17004: Cannot use JSX unless the '--jsx' flag is provided.
src/pages/Auth.tsx(585,80): error TS17004: Cannot use JSX unless the '--jsx' flag is provided.
src/pages/Auth.tsx(588,27): error TS17004: Cannot use JSX unless the '--jsx' flag is provided.
src/pages/Auth.tsx(591,23): error TS17004: Cannot use JSX unless the '--jsx' flag is provided.
src/pages/Auth.tsx(592,25): error TS17004: Cannot use JSX unless the '--jsx' flag is provided.
src/pages/Auth.tsx(596,23): error TS17004: Cannot use JSX unless the '--jsx' flag is provided.
src/pages/Auth.tsx(604,15): error TS17004: Cannot use JSX unless the '--jsx' flag is provided.
src/pages/Auth.tsx(605,17): error TS17004: Cannot use JSX unless the '--jsx' flag is provided.
src/pages/Auth.tsx(606,19): error TS17004: Cannot use JSX unless the '--jsx' flag is provided.
src/pages/Auth.tsx(607,21): error TS17004: Cannot use JSX unless the '--jsx' flag is provided.
src/pages/Auth.tsx(608,23): error TS17004: Cannot use JSX unless the '--jsx' flag is provided.
src/pages/Auth.tsx(609,25): error TS17004: Cannot use JSX unless the '--jsx' flag is provided.
src/pages/Auth.tsx(609,35): error TS17004: Cannot use JSX unless the '--jsx' flag is provided.
src/pages/Auth.tsx(609,64): error TS17004: Cannot use JSX unless the '--jsx' flag is provided.
src/pages/Auth.tsx(609,77): error TS17004: Cannot use JSX unless the '--jsx' flag is provided.
src/pages/Auth.tsx(609,130): error TS17004: Cannot use JSX unless the '--jsx' flag is provided.
src/pages/Auth.tsx(611,23): error TS17004: Cannot use JSX unless the '--jsx' flag is provided.
src/pages/Auth.tsx(612,25): error TS17004: Cannot use JSX unless the '--jsx' flag is provided.
src/pages/Auth.tsx(612,35): error TS17004: Cannot use JSX unless the '--jsx' flag is provided.
src/pages/Auth.tsx(612,61): error TS17004: Cannot use JSX unless the '--jsx' flag is provided.
src/pages/Auth.tsx(612,74): error TS17004: Cannot use JSX unless the '--jsx' flag is provided.
src/pages/Auth.tsx(612,129): error TS17004: Cannot use JSX unless the '--jsx' flag is provided.
src/pages/Auth.tsx(615,21): error TS17004: Cannot use JSX unless the '--jsx' flag is provided.
src/pages/Auth.tsx(616,23): error TS17004: Cannot use JSX unless the '--jsx' flag is provided.
src/pages/Auth.tsx(616,33): error TS17004: Cannot use JSX unless the '--jsx' flag is provided.
src/pages/Auth.tsx(616,76): error TS17004: Cannot use JSX unless the '--jsx' flag is provided.
src/pages/Auth.tsx(616,89): error TS17004: Cannot use JSX unless the '--jsx' flag is provided.
src/pages/Auth.tsx(616,123): error TS17004: Cannot use JSX unless the '--jsx' flag is provided.
src/pages/Auth.tsx(618,21): error TS17004: Cannot use JSX unless the '--jsx' flag is provided.
src/pages/Auth.tsx(619,23): error TS17004: Cannot use JSX unless the '--jsx' flag is provided.
src/pages/Auth.tsx(619,33): error TS17004: Cannot use JSX unless the '--jsx' flag is provided.
src/pages/Auth.tsx(619,61): error TS17004: Cannot use JSX unless the '--jsx' flag is provided.
src/pages/Auth.tsx(619,74): error TS17004: Cannot use JSX unless the '--jsx' flag is provided.
src/pages/Auth.tsx(619,139): error TS17004: Cannot use JSX unless the '--jsx' flag is provided.
src/pages/Auth.tsx(621,21): error TS17004: Cannot use JSX unless the '--jsx' flag is provided.
src/pages/Auth.tsx(622,23): error TS17004: Cannot use JSX unless the '--jsx' flag is provided.
src/pages/Auth.tsx(623,25): error TS17004: Cannot use JSX unless the '--jsx' flag is provided.
src/pages/Auth.tsx(624,25): error TS17004: Cannot use JSX unless the '--jsx' flag is provided.
src/pages/Auth.tsx(625,27): error TS17004: Cannot use JSX unless the '--jsx' flag is provided.
src/pages/Auth.tsx(626,29): error TS17004: Cannot use JSX unless the '--jsx' flag is provided.
src/pages/Auth.tsx(628,27): error TS17004: Cannot use JSX unless the '--jsx' flag is provided.
src/pages/Auth.tsx(629,45): error TS17004: Cannot use JSX unless the '--jsx' flag is provided.
src/pages/Auth.tsx(629,78): error TS17004: Cannot use JSX unless the '--jsx' flag is provided.
src/pages/Auth.tsx(632,25): error TS17004: Cannot use JSX unless the '--jsx' flag is provided.
src/pages/Auth.tsx(635,21): error TS17004: Cannot use JSX unless the '--jsx' flag is provided.
src/pages/Auth.tsx(636,23): error TS17004: Cannot use JSX unless the '--jsx' flag is provided.
src/pages/Auth.tsx(637,25): error TS17004: Cannot use JSX unless the '--jsx' flag is provided.
src/pages/Auth.tsx(638,25): error TS17004: Cannot use JSX unless the '--jsx' flag is provided.
src/pages/Auth.tsx(639,27): error TS17004: Cannot use JSX unless the '--jsx' flag is provided.
src/pages/Auth.tsx(640,29): error TS17004: Cannot use JSX unless the '--jsx' flag is provided.
src/pages/Auth.tsx(642,27): error TS17004: Cannot use JSX unless the '--jsx' flag is provided.
src/pages/Auth.tsx(643,52): error TS17004: Cannot use JSX unless the '--jsx' flag is provided.
src/pages/Auth.tsx(643,85): error TS17004: Cannot use JSX unless the '--jsx' flag is provided.
src/pages/Auth.tsx(646,25): error TS17004: Cannot use JSX unless the '--jsx' flag is provided.
src/pages/Auth.tsx(650,21): error TS17004: Cannot use JSX unless the '--jsx' flag is provided.
src/pages/Auth.tsx(651,23): error TS17004: Cannot use JSX unless the '--jsx' flag is provided.
src/pages/Auth.tsx(656,23): error TS17004: Cannot use JSX unless the '--jsx' flag is provided.
src/pages/Auth.tsx(660,39): error TS17004: Cannot use JSX unless the '--jsx' flag is provided.
src/pages/Auth.tsx(664,21): error TS17004: Cannot use JSX unless the '--jsx' flag is provided.
src/pages/Auth.tsx(672,13): error TS17004: Cannot use JSX unless the '--jsx' flag is provided.
src/pages/Auth.tsx(673,15): error TS17004: Cannot use JSX unless the '--jsx' flag is provided.
src/pages/Auth.tsx(674,15): error TS17004: Cannot use JSX unless the '--jsx' flag is provided.
